设备: cuda

Loading 46d data...
Loading IDE logs...
  IDE logs shape: (28588309, 6)
  Passed shape: (473, 2)
  Event types: ['focus_gained', 'focus_lost', 'text_insert', 'text_remove', 'run', 'submit', 'text_paste']
Building 46-dim feature matrix...
  Feature matrix: (473, 46)
  Passed: 159, Failed: 314
X: (473, 46), passed=159, failed=314


================================================================================
消融: A. Full 46d (基线) | 维度: 46
================================================================================

>>> 模型: RF
  A. Full 46d (基线): AUC=0.9065 Acc@.5=0.8226 P@.5=0.7393 R@.5=0.7548 F1@.5=0.7429 | F1@best=0.7802@t=0.39

>>> 模型: LSTM
  A. Full 46d (基线): AUC=0.9170 Acc@.5=0.8246 P@.5=0.7084 R@.5=0.8173 F1@.5=0.7583 | F1@best=0.7713@t=0.39

================================================================================
消融: B. -Cat1 事件统计 (18d) | 维度: 18
================================================================================

>>> 模型: RF
  B. -Cat1 事件统计 (18d): AUC=0.8985 Acc@.5=0.8204 P@.5=0.7569 R@.5=0.6917 F1@.5=0.7211 | F1@best=0.7481@t=0.30

>>> 模型: LSTM
  B. -Cat1 事件统计 (18d): AUC=0.8976 Acc@.5=0.8162 P@.5=0.7138 R@.5=0.7671 F1@.5=0.7360 | F1@best=0.7394@t=0.29

================================================================================
消融: C. -Cat2 行为轨迹 (36d) | 维度: 36
================================================================================

>>> 模型: RF
  C. -Cat2 行为轨迹 (36d): AUC=0.9060 Acc@.5=0.8204 P@.5=0.7461 R@.5=0.7230 F1@.5=0.7308 | F1@best=0.7796@t=0.35

>>> 模型: LSTM
  C. -Cat2 行为轨迹 (36d): AUC=0.9138 Acc@.5=0.8374 P@.5=0.7331 R@.5=0.8300 F1@.5=0.7745 | F1@best=0.7821@t=0.53

================================================================================
消融: D. -Cat3 情绪复合 (40d) | 维度: 40
================================================================================

>>> 模型: RF
  D. -Cat3 情绪复合 (40d): AUC=0.8794 Acc@.5=0.8035 P@.5=0.7157 R@.5=0.7411 F1@.5=0.7175 | F1@best=0.7541@t=0.37

>>> 模型: LSTM
  D. -Cat3 情绪复合 (40d): AUC=0.8814 Acc@.5=0.7950 P@.5=0.6667 R@.5=0.7921 F1@.5=0.7229 | F1@best=0.7311@t=0.33

================================================================================
消融: E. -Cat4 元信息 (44d) | 维度: 44
================================================================================

>>> 模型: RF
  E. -Cat4 元信息 (44d): AUC=0.9047 Acc@.5=0.8140 P@.5=0.7284 R@.5=0.7357 F1@.5=0.7270 | F1@best=0.7696@t=0.27

>>> 模型: LSTM
  E. -Cat4 元信息 (44d): AUC=0.9035 Acc@.5=0.8225 P@.5=0.7001 R@.5=0.8361 F1@.5=0.7607 | F1@best=0.7692@t=0.43

================================================================================
消融: F. 仅 Cat1 (28d) | 维度: 28
================================================================================

>>> 模型: RF
  F. 仅 Cat1 (28d): AUC=0.8751 Acc@.5=0.7887 P@.5=0.7066 R@.5=0.6788 F1@.5=0.6859 | F1@best=0.7453@t=0.35

>>> 模型: LSTM
  F. 仅 Cat1 (28d): AUC=0.8689 Acc@.5=0.8015 P@.5=0.6780 R@.5=0.7988 F1@.5=0.7311 | F1@best=0.7309@t=0.25

================================================================================
消融: G. 仅 7d 原始 | 维度: 7
================================================================================

>>> 模型: RF
  G. 仅 7d 原始: AUC=0.8422 Acc@.5=0.7548 P@.5=0.6425 R@.5=0.6341 F1@.5=0.6297 | F1@best=0.7030@t=0.36

>>> 模型: LSTM
  G. 仅 7d 原始: AUC=0.8663 Acc@.5=0.7867 P@.5=0.6623 R@.5=0.7609 F1@.5=0.7046 | F1@best=0.7337@t=0.38



========================================================================================================================
                                        RF vs LSTM 46d 消融实验对比
========================================================================================================================
消融                     模型         AUC     Acc       P       R   F1@.5   F1@best  BestT
------------------------------------------------------------------------------------------------------------------------
A. Full                RF     0.9065  0.8226  0.7393  0.7548  0.7429  0.7802   0.39
A. Full                LSTM   0.9170  0.8246  0.7084  0.8173  0.7583  0.7713   0.39
B. -Cat1               RF     0.8985  0.8204  0.7569  0.6917  0.7211  0.7481   0.30
B. -Cat1               LSTM   0.8976  0.8162  0.7138  0.7671  0.7360  0.7394   0.29
C. -Cat2               RF     0.9060  0.8204  0.7461  0.7230  0.7308  0.7796   0.35
C. -Cat2               LSTM   0.9138  0.8374  0.7331  0.8300  0.7745  0.7821   0.53
D. -Cat3               RF     0.8794  0.8035  0.7157  0.7411  0.7175  0.7541   0.37
D. -Cat3               LSTM   0.8814  0.7950  0.6667  0.7921  0.7229  0.7311   0.33
E. -Cat4               RF     0.9047  0.8140  0.7284  0.7357  0.7270  0.7696   0.27
E. -Cat4               LSTM   0.9035  0.8225  0.7001  0.8361  0.7607  0.7692   0.43
F. 仅                   RF     0.8751  0.7887  0.7066  0.6788  0.6859  0.7453   0.35
F. 仅                   LSTM   0.8689  0.8015  0.6780  0.7988  0.7311  0.7309   0.25
G. 仅                   RF     0.8422  0.7548  0.6425  0.6341  0.6297  0.7030   0.36
G. 仅                   LSTM   0.8663  0.7867  0.6623  0.7609  0.7046  0.7337   0.38
------------------------------------------------------------------------------------------------------------------------


========================================================================================================================
  消融贡献分析 (Δ vs A_Full46d baseline, 负值表示删除后下降)
========================================================================================================================
消融                     模型         ΔAUC     ΔAcc       ΔP       ΔR    ΔF1@.5   ΔF1@best
------------------------------------------------------------------------------------------------------------------------
B. -Cat1               RF     -0.0080  -0.0022  +0.0176  -0.0631  -0.0218   -0.0322
B. -Cat1               LSTM   -0.0195  -0.0084  +0.0053  -0.0502  -0.0223   -0.0320
C. -Cat2               RF     -0.0004  -0.0022  +0.0067  -0.0319  -0.0121   -0.0006
C. -Cat2               LSTM   -0.0032  +0.0128  +0.0246  +0.0127  +0.0162   +0.0107
D. -Cat3               RF     -0.0270  -0.0190  -0.0237  -0.0137  -0.0253   -0.0261
D. -Cat3               LSTM   -0.0356  -0.0296  -0.0418  -0.0252  -0.0354   -0.0403
E. -Cat4               RF     -0.0017  -0.0085  -0.0110  -0.0192  -0.0159   -0.0106
E. -Cat4               LSTM   -0.0135  -0.0022  -0.0084  +0.0188  +0.0024   -0.0021
F. 仅                   RF     -0.0313  -0.0339  -0.0327  -0.0760  -0.0569   -0.0349
F. 仅                   LSTM   -0.0481  -0.0232  -0.0305  -0.0185  -0.0271   -0.0405
G. 仅                   RF     -0.0643  -0.0678  -0.0968  -0.1208  -0.1132   -0.0772
G. 仅                   LSTM   -0.0507  -0.0380  -0.0461  -0.0565  -0.0537   -0.0377
------------------------------------------------------------------------------------------------------------------------
