设备: cuda

Loading 46d data...
Loading IDE logs...
  IDE logs shape: (28588309, 6)
  Passed shape: (473, 2)
  Event types: ['focus_gained', 'focus_lost', 'text_insert', 'text_remove', 'run', 'submit', 'text_paste']
Building 46-dim feature matrix...
  Feature matrix: (473, 46)
  Passed: 159, Failed: 314
X: (473, 46), passed=159, failed=314


================================================================================
消融: A. Full 46d | 维度: 46
================================================================================
  A. Full 46d                    rf    : AUC=0.9065 F1@.5=0.7429 F1@best=0.7802@t=0.39
  A. Full 46d                    lstm  : AUC=0.9170 F1@.5=0.7583 F1@best=0.7713@t=0.39
  A. Full 46d                    bilstm: AUC=0.8947 F1@.5=0.7347 F1@best=0.7614@t=0.39

================================================================================
消融: B. -Cat1 事件统计 (18d) | 维度: 18
================================================================================
  B. -Cat1 事件统计 (18d)            rf    : AUC=0.8985 F1@.5=0.7211 F1@best=0.7481@t=0.30
  B. -Cat1 事件统计 (18d)            lstm  : AUC=0.8964 F1@.5=0.7222 F1@best=0.7414@t=0.47
  B. -Cat1 事件统计 (18d)            bilstm: AUC=0.8945 F1@.5=0.7306 F1@best=0.7459@t=0.33

================================================================================
消融: C. -Cat2 行为轨迹 (36d) | 维度: 36
================================================================================
  C. -Cat2 行为轨迹 (36d)            rf    : AUC=0.9060 F1@.5=0.7308 F1@best=0.7796@t=0.35
  C. -Cat2 行为轨迹 (36d)            lstm  : AUC=0.9159 F1@.5=0.7759 F1@best=0.7761@t=0.51
  C. -Cat2 行为轨迹 (36d)            bilstm: AUC=0.9122 F1@.5=0.7642 F1@best=0.7880@t=0.34

================================================================================
消融: D. -Cat3 情绪复合 (40d) | 维度: 40
================================================================================
  D. -Cat3 情绪复合 (40d)            rf    : AUC=0.8794 F1@.5=0.7175 F1@best=0.7541@t=0.37
  D. -Cat3 情绪复合 (40d)            lstm  : AUC=0.8816 F1@.5=0.7102 F1@best=0.7447@t=0.41
  D. -Cat3 情绪复合 (40d)            bilstm: AUC=0.8679 F1@.5=0.7201 F1@best=0.7385@t=0.41

================================================================================
消融: E. -Cat4 元信息 (44d) | 维度: 44
================================================================================
  E. -Cat4 元信息 (44d)             rf    : AUC=0.9047 F1@.5=0.7270 F1@best=0.7696@t=0.27
  E. -Cat4 元信息 (44d)             lstm  : AUC=0.9042 F1@.5=0.7455 F1@best=0.7665@t=0.27
  E. -Cat4 元信息 (44d)             bilstm: AUC=0.8997 F1@.5=0.7499 F1@best=0.7609@t=0.42

================================================================================
消融: F. 仅 Cat1 (28d) | 维度: 28
================================================================================
  F. 仅 Cat1 (28d)                rf    : AUC=0.8751 F1@.5=0.6859 F1@best=0.7453@t=0.35
  F. 仅 Cat1 (28d)                lstm  : AUC=0.8690 F1@.5=0.7103 F1@best=0.7322@t=0.26
  F. 仅 Cat1 (28d)                bilstm: AUC=0.8643 F1@.5=0.7199 F1@best=0.7345@t=0.28

================================================================================
消融: G. 仅 7d 原始 | 维度: 7
================================================================================
  G. 仅 7d 原始                     rf    : AUC=0.8422 F1@.5=0.6297 F1@best=0.7030@t=0.36
  G. 仅 7d 原始                     lstm  : AUC=0.8669 F1@.5=0.7343 F1@best=0.7335@t=0.50
  G. 仅 7d 原始                     bilstm: AUC=0.8675 F1@.5=0.7162 F1@best=0.7328@t=0.41



========================================================================================================================
                                   RF vs LSTM vs BiLSTM 46d 消融对比
========================================================================================================================
消融                         模型         AUC     Acc       P       R   F1@.5   F1@best  BestT
------------------------------------------------------------------------------------------------------------------------
A. Full 46d                RF     0.9065  0.8226  0.7393  0.7548  0.7429  0.7802   0.39
A. Full 46d                LSTM   0.9170  0.8246  0.7084  0.8173  0.7583  0.7713   0.39
A. Full 46d                BILSTM 0.8947  0.8077  0.6885  0.7986  0.7347  0.7614   0.39
B. -Cat1 事件统计 (18d)        RF     0.8985  0.8204  0.7569  0.6917  0.7211  0.7481   0.30
B. -Cat1 事件统计 (18d)        LSTM   0.8964  0.8035  0.6928  0.7609  0.7222  0.7414   0.47
B. -Cat1 事件统计 (18d)        BILSTM 0.8945  0.8140  0.7135  0.7542  0.7306  0.7459   0.33
C. -Cat2 行为轨迹 (36d)        RF     0.9060  0.8204  0.7461  0.7230  0.7308  0.7796   0.35
C. -Cat2 行为轨迹 (36d)        LSTM   0.9159  0.8394  0.7360  0.8238  0.7759  0.7761   0.51
C. -Cat2 行为轨迹 (36d)        BILSTM 0.9122  0.8289  0.7213  0.8177  0.7642  0.7880   0.34
D. -Cat3 情绪复合 (40d)        RF     0.8794  0.8035  0.7157  0.7411  0.7175  0.7541   0.37
D. -Cat3 情绪复合 (40d)        LSTM   0.8816  0.7802  0.6408  0.7986  0.7102  0.7447   0.41
D. -Cat3 情绪复合 (40d)        BILSTM 0.8679  0.7865  0.6449  0.8173  0.7201  0.7385   0.41
E. -Cat4 元信息 (44d)         RF     0.9047  0.8140  0.7284  0.7357  0.7270  0.7696   0.27
E. -Cat4 元信息 (44d)         LSTM   0.9042  0.8161  0.6980  0.8046  0.7455  0.7665   0.27
E. -Cat4 元信息 (44d)         BILSTM 0.8997  0.8162  0.6942  0.8246  0.7499  0.7609   0.42
F. 仅 Cat1 (28d)            RF     0.8751  0.7887  0.7066  0.6788  0.6859  0.7453   0.35
F. 仅 Cat1 (28d)            LSTM   0.8690  0.7867  0.6635  0.7734  0.7103  0.7322   0.26
F. 仅 Cat1 (28d)            BILSTM 0.8643  0.7909  0.6632  0.7923  0.7199  0.7345   0.28
G. 仅 7d 原始                 RF     0.8422  0.7548  0.6425  0.6341  0.6297  0.7030   0.36
G. 仅 7d 原始                 LSTM   0.8669  0.8035  0.6810  0.8046  0.7343  0.7335   0.50
G. 仅 7d 原始                 BILSTM 0.8675  0.7929  0.6658  0.7798  0.7162  0.7328   0.41
------------------------------------------------------------------------------------------------------------------------



========================================================================================================================
  模型综合对比 (基于 Full 46d)
========================================================================================================================
  RF    : AUC=0.9065  F1@.5=0.7429  F1@best=0.7802@t=0.39  P=0.6927  R=0.8931
  LSTM  : AUC=0.9170  F1@.5=0.7583  F1@best=0.7713@t=0.39  P=0.6863  R=0.8805
  BILSTM: AUC=0.8947  F1@.5=0.7347  F1@best=0.7614@t=0.39  P=0.6636  R=0.8931



========================================================================================================================
  类别贡献对比 (ΔF1@best vs A_Full46d)
========================================================================================================================
消融                               RF     LSTM   BiLSTM
------------------------------------------------------------------------------------------------------------------------
B. -Cat1 事件统计 (18d)         -0.0322  -0.0300  -0.0155
C. -Cat2 行为轨迹 (36d)         -0.0006  +0.0048  +0.0266
D. -Cat3 情绪复合 (40d)         -0.0261  -0.0267  -0.0228
E. -Cat4 元信息 (44d)          -0.0106  -0.0049  -0.0005
F. 仅 Cat1 (28d)             -0.0349  -0.0392  -0.0269
G. 仅 7d 原始                  -0.0772  -0.0378  -0.0286
------------------------------------------------------------------------------------------------------------------------
